
> disk-visualizer@0.1.0 pretauri
> npm run icons


> disk-visualizer@0.1.0 icons
> node scripts/generate-icons.mjs

Generated Tauri PNG and ICO icons

> disk-visualizer@0.1.0 tauri
> tauri build --debug --target x86_64-pc-windows-msvc

        Info Looking up installed tauri packages to check mismatched versions...
     Running beforeBuildCommand `npm run build`

> disk-visualizer@0.1.0 build
> npm run icons && tsc -b && vite build


> disk-visualizer@0.1.0 icons
> node scripts/generate-icons.mjs

Generated Tauri PNG and ICO icons
[36mvite v6.4.3 [32mbuilding for production...[36m[39m
transforming...
[32m✓[39m 41 modules transformed.
rendering chunks...
computing gzip size...
[2mdist/[22m[32mindex.html                 [39m[1m[2m  0.49 kB[22m[1m[22m[2m │ gzip:  0.31 kB[22m
[2mdist/[22m[35massets/index-X4byOkLs.css  [39m[1m[2m 18.13 kB[22m[1m[22m[2m │ gzip:  4.05 kB[22m
[2mdist/[22m[36massets/index-CxYB3-cO.js   [39m[1m[2m214.77 kB[22m[1m[22m[2m │ gzip: 66.80 kB[22m
[32m✓ built in 1.15s[39m
    Updating crates.io index
     Locking 452 packages to latest compatible versions
      Adding generic-array v0.14.7 (available: v0.14.9)
      Adding rusqlite v0.32.1 (available: v0.40.2)
      Adding toml v0.8.2 (available: v0.8.23)
      Adding toml_datetime v0.6.3 (available: v0.6.11)
      Adding toml_edit v0.20.2 (available: v0.20.7)
      Adding windows-sys v0.59.0 (available: v0.61.2)
 Downloading crates ...
  Downloaded adler2 v2.0.1
  Downloaded dirs v6.0.0
  Downloaded dirs-sys v0.5.0
  Downloaded embed-resource v3.0.11
  Downloaded powerfmt v0.2.0
  Downloaded defmt-macros v1.1.1
  Downloaded defmt-parser v1.0.0
  Downloaded deranged v0.5.8
  Downloaded displaydoc v0.2.7
  Downloaded dpi v0.1.2
  Downloaded dtoa-short v0.3.5
  Downloaded dtor-proc-macro v0.0.6
  Downloaded dunce v1.0.5
  Downloaded dyn-clone v1.0.20
  Downloaded equivalent v1.0.2
  Downloaded fallible-streaming-iterator v0.1.9
  Downloaded icu_collections v2.2.0
  Downloaded icu_provider v2.2.0
  Downloaded keyboard-types v0.7.0
  Downloaded mime v0.3.17
  Downloaded miniz_oxide v0.8.9
  Downloaded mio v1.2.2
  Downloaded muda v0.19.3
  Downloaded new_debug_unreachable v1.0.6
  Downloaded num-conv v0.2.2
  Downloaded num-traits v0.2.19
  Downloaded once_cell v1.21.4
  Downloaded option-ext v0.2.0
  Downloaded parking_lot v0.12.5
  Downloaded parking_lot_core v0.9.12
  Downloaded phf_macros v0.13.1
  Downloaded plist v1.10.0
  Downloaded png v0.17.16
  Downloaded potential_utf v0.1.5
  Downloaded ref-cast-impl v1.0.26
  Downloaded same-file v1.0.6
  Downloaded tokio v1.53.1
  Downloaded toml_datetime v1.1.1+spec-1.1.0
  Downloaded derive_more v2.1.1
  Downloaded derive_more-impl v2.1.1
  Downloaded digest v0.10.7
  Downloaded dom_query v0.27.0
  Downloaded dtoa v1.0.11
  Downloaded dtor v0.3.0
  Downloaded erased-serde v0.4.10
  Downloaded fallible-iterator v0.3.0
  Downloaded fastrand v2.5.0
  Downloaded fdeflate v0.3.7
  Downloaded find-msvc-tools v0.1.10
  Downloaded flate2 v1.1.9
  Downloaded fnv v1.0.7
  Downloaded foldhash v0.2.0
  Downloaded form_urlencoded v1.2.2
  Downloaded generic-array v0.14.7
  Downloaded getrandom v0.3.4
  Downloaded glob v0.3.4
  Downloaded hashbrown v0.14.5
  Downloaded hashbrown v0.17.1
  Downloaded hashlink v0.9.1
  Downloaded heck v0.5.0
  Downloaded hex v0.4.3
  Downloaded html5ever v0.38.0
  Downloaded http v1.5.0
  Downloaded icu_normalizer_data v2.2.0
  Downloaded icu_properties v2.2.0
  Downloaded ident_case v1.0.1
  Downloaded idna_adapter v1.2.2
  Downloaded itoa v1.0.18
  Downloaded lock_api v0.4.14
  Downloaded log v0.4.33
  Downloaded percent-encoding v2.3.2
  Downloaded phf v0.13.1
  Downloaded phf_generator v0.13.1
  Downloaded phf_shared v0.13.1
  Downloaded pin-project-lite v0.2.17
  Downloaded pkg-config v0.3.33
  Downloaded ref-cast v1.0.26
  Downloaded regex v1.13.1
  Downloaded rusqlite v0.32.1
  Downloaded rustc-hash v2.1.3
  Downloaded scopeguard v1.2.0
  Downloaded semver v1.0.28
  Downloaded serde_core v1.0.229
  Downloaded sha2 v0.10.9
  Downloaded simd-adler32 v0.3.10
  Downloaded siphasher v1.0.3
  Downloaded stable_deref_trait v1.2.1
  Downloaded tauri-winres v0.3.6
  Downloaded time-core v0.1.9
  Downloaded toml_writer v1.1.2+spec-1.1.0
  Downloaded unic-char-range v0.9.0
  Downloaded unic-common v0.9.0
  Downloaded unic-ucd-version v0.9.0
  Downloaded version_check v0.9.5
  Downloaded vswhom-sys v0.1.3
  Downloaded webview2-com-macros v0.8.1
  Downloaded windows-collections v0.2.0
  Downloaded getrandom v0.4.3
  Downloaded icu_locale_core v2.2.0
  Downloaded indexmap v1.9.3
  Downloaded infer v0.19.0
  Downloaded jiff-tzdb-platform v0.1.3
  Downloaded json-patch v3.0.1
  Downloaded jsonptr v0.6.3
  Downloaded litemap v0.8.2
  Downloaded markup5ever v0.38.0
  Downloaded phf_codegen v0.13.1
  Downloaded precomputed-hash v0.1.1
  Downloaded quote v1.0.47
  Downloaded regex-automata v0.4.18
  Downloaded rustc_version v0.4.1
  Downloaded schemars v0.9.0
  Downloaded schemars_derive v0.8.22
  Downloaded serde-untagged v0.1.9
  Downloaded serde_derive_internals v0.29.1
  Downloaded serde_repr v0.1.21
  Downloaded serde_spanned v1.1.1
  Downloaded serde_with_macros v3.22.0
  Downloaded serialize-to-javascript v0.1.2
  Downloaded serialize-to-javascript-impl v0.1.2
  Downloaded servo_arc v0.4.3
  Downloaded shlex v2.0.1
  Downloaded string_cache v0.9.0
  Downloaded string_cache_codegen v0.6.1
  Downloaded strsim v0.11.1
  Downloaded synstructure v0.13.2
  Downloaded tauri-build v2.6.3
  Downloaded tauri-codegen v2.6.3
  Downloaded tauri-macros v2.6.3
  Downloaded tauri-plugin v2.6.3
  Downloaded tauri-runtime-wry v2.11.4
  Downloaded tendril v0.5.1
  Downloaded thiserror v1.0.69
  Downloaded thiserror v2.0.20
  Downloaded thiserror-impl v1.0.69
  Downloaded thiserror-impl v2.0.20
  Downloaded tinystr v0.8.3
  Downloaded tinyvec v1.12.0
  Downloaded tinyvec_macros v0.1.1
  Downloaded toml_datetime v0.7.5+spec-1.1.0
  Downloaded tray-icon v0.24.2
  Downloaded typeid v1.0.3
  Downloaded unic-char-property v0.9.0
  Downloaded unic-ucd-ident v0.9.0
  Downloaded urlpattern v0.3.0
  Downloaded utf8_iter v1.0.4
  Downloaded vswhom v0.1.0
  Downloaded walkdir v2.5.0
  Downloaded web_atoms v0.2.6
  Downloaded webview2-com v0.38.2
  Downloaded winapi-util v0.1.11
  Downloaded windows-core v0.61.2
  Downloaded windows-future v0.2.1
  Downloaded ahash v0.8.12
  Downloaded hashbrown v0.12.3
  Downloaded ico v0.5.0
  Downloaded icu_normalizer v2.2.0
  Downloaded idna v1.1.0
  Downloaded jiff-core v0.1.0
  Downloaded jiff-tzdb v0.1.8
  Downloaded memchr v2.8.3
  Downloaded proc-macro2 v1.0.107
  Downloaded quick-xml v0.41.0
  Downloaded raw-window-handle v0.6.2
  Downloaded rfd v0.16.0
  Downloaded schemars v0.8.22
  Downloaded selectors v0.36.1
  Downloaded serde v1.0.229
  Downloaded serde_derive v1.0.229
  Downloaded smallvec v1.15.2
  Downloaded socket2 v0.6.5
  Downloaded softbuffer v0.4.8
  Downloaded tauri-runtime v2.11.3
  Downloaded time-macros v0.2.32
  Downloaded toml v0.9.12+spec-1.1.0
  Downloaded toml v1.1.4+spec-1.1.0
  Downloaded toml_parser v1.1.3+spec-1.1.0
  Downloaded tracing-core v0.1.36
  Downloaded unicode-ident v1.0.24
  Downloaded unicode-segmentation v1.13.3
  Downloaded url v2.5.8
  Downloaded uuid v1.24.0
  Downloaded icu_properties_data v2.2.0
  Downloaded indexmap v2.14.0
  Downloaded schemars v1.2.2
  Downloaded serde_json v1.0.151
  Downloaded tauri-plugin-dialog v2.7.2
  Downloaded tauri-plugin-fs v2.5.1
  Downloaded tauri-utils v2.9.3
  Downloaded typenum v1.20.1
  Downloaded bit-vec v0.8.0
  Downloaded serde_with v3.22.0
  Downloaded syn v2.0.119
  Downloaded time v0.3.55
  Downloaded vcpkg v0.2.15
  Downloaded yoke-derive v0.8.2
  Downloaded zerofrom v0.1.8
  Downloaded zerofrom-derive v0.1.7
  Downloaded zerovec-derive v0.11.3
  Downloaded autocfg v1.5.1
  Downloaded bit-set v0.8.0
  Downloaded block-buffer v0.10.4
  Downloaded regex-syntax v0.8.11
  Downloaded syn v3.0.3
  Downloaded tao v0.35.3
  Downloaded tauri v2.11.5
  Downloaded winreg v0.55.0
  Downloaded writeable v0.6.3
  Downloaded yoke v0.8.3
  Downloaded zmij v1.0.23
  Downloaded alloc-no-stdlib v2.0.4
  Downloaded alloc-stdlib v0.2.4
  Downloaded anyhow v1.0.104
  Downloaded base64 v0.22.1
  Downloaded bitflags v1.3.2
  Downloaded bs58 v0.5.1
  Downloaded byteorder v1.5.0
  Downloaded camino v1.2.5
  Downloaded cargo-platform v0.1.9
  Downloaded zerotrie v0.2.4
  Downloaded bitflags v2.13.1
  Downloaded winnow v0.7.15
  Downloaded winnow v1.0.4
  Downloaded zerovec v0.11.6
  Downloaded aho-corasick v1.1.5
  Downloaded bytes v1.12.1
  Downloaded tracing v0.1.44
  Downloaded wry v0.55.1
  Downloaded zerocopy v0.8.56
  Downloaded windows-targets v0.53.5
  Downloaded brotli-decompressor v5.0.3
  Downloaded windows-implement v0.60.2
  Downloaded windows-interface v0.59.3
  Downloaded windows-link v0.1.3
  Downloaded windows-link v0.2.1
  Downloaded windows-numerics v0.2.0
  Downloaded windows-result v0.3.4
  Downloaded windows-strings v0.4.2
  Downloaded windows-targets v0.52.6
  Downloaded windows-threading v0.1.0
  Downloaded windows-version v0.1.7
  Downloaded cargo_toml v0.22.3
  Downloaded jiff v0.2.35
  Downloaded cfb v0.7.3
  Downloaded libc v0.2.189
  Downloaded cc v1.4.2
  Downloaded cfg-if v1.0.4
  Downloaded crc32fast v1.5.0
  Downloaded crossbeam-utils v0.8.22
  Downloaded cpufeatures v0.2.17
  Downloaded cssparser-macros v0.6.1
  Downloaded ctor-proc-macro v0.0.7
  Downloaded darling_macro v0.23.0
  Downloaded cookie v0.18.2
  Downloaded crypto-common v0.1.7
  Downloaded crossbeam-channel v0.5.16
  Downloaded windows_x86_64_msvc v0.53.1
  Downloaded cargo_metadata v0.19.2
  Downloaded ctor v0.8.0
  Downloaded brotli v8.0.4
  Downloaded darling v0.23.0
  Downloaded defmt v1.1.1
  Downloaded chrono v0.4.45
  Downloaded cssparser v0.36.0
  Downloaded darling_core v0.23.0
  Downloaded window-vibrancy v0.6.0
  Downloaded windows_x86_64_msvc v0.52.6
  Downloaded windows-sys v0.59.0
  Downloaded windows-sys v0.60.2
  Downloaded windows-sys v0.61.2
  Downloaded libsqlite3-sys v0.30.1
  Downloaded webview2-com-sys v0.38.2
  Downloaded windows v0.61.3
   Compiling proc-macro2 v1.0.107
   Compiling quote v1.0.47
   Compiling unicode-ident v1.0.24
   Compiling serde_core v1.0.229
   Compiling siphasher v1.0.3
   Compiling phf_shared v0.13.1
   Compiling cfg-if v1.0.4
   Compiling icu_normalizer_data v2.2.0
   Compiling icu_properties_data v2.2.0
   Compiling fastrand v2.5.0
   Compiling stable_deref_trait v1.2.1
   Compiling phf_generator v0.13.1
   Compiling zmij v1.0.23
   Compiling smallvec v1.15.2
   Compiling thiserror v2.0.20
   Compiling syn v2.0.119
   Compiling syn v3.0.3
   Compiling parking_lot_core v0.9.12
   Compiling windows-link v0.2.1
   Compiling serde v1.0.229
   Compiling typeid v1.0.3
   Compiling memchr v2.8.3
   Compiling num-conv v0.2.2
   Compiling time-core v0.1.9
   Compiling phf_codegen v0.13.1
   Compiling itoa v1.0.18
   Compiling ident_case v1.0.1
   Compiling writeable v0.6.3
   Compiling litemap v0.8.2
   Compiling thiserror v1.0.69
   Compiling erased-serde v0.4.10
   Compiling strsim v0.11.1
   Compiling version_check v0.9.5
   Compiling synstructure v0.13.2
   Compiling darling_core v0.23.0
   Compiling displaydoc v0.2.7
   Compiling serde_derive v1.0.229
   Compiling thiserror-impl v2.0.20
   Compiling zerofrom-derive v0.1.7
   Compiling yoke-derive v0.8.2
   Compiling zerovec-derive v0.11.3
   Compiling phf_macros v0.13.1
   Compiling utf8_iter v1.0.4
   Compiling zerofrom v0.1.8
   Compiling yoke v0.8.3
   Compiling darling_macro v0.23.0
   Compiling zerovec v0.11.6
   Compiling zerotrie v0.2.4
   Compiling thiserror-impl v1.0.69
   Compiling anyhow v1.0.104
   Compiling scopeguard v1.2.0
   Compiling new_debug_unreachable v1.0.6
   Compiling lock_api v0.4.14
   Compiling tinystr v0.8.3
   Compiling potential_utf v0.1.5
   Compiling icu_locale_core v2.2.0
   Compiling icu_collections v2.2.0
   Compiling darling v0.23.0
   Compiling phf v0.13.1
   Compiling string_cache_codegen v0.6.1
   Compiling precomputed-hash v0.1.1
   Compiling winnow v1.0.4
   Compiling icu_provider v2.2.0
   Compiling serde_json v1.0.151
   Compiling getrandom v0.4.3
   Compiling windows_x86_64_msvc v0.52.6
   Compiling icu_properties v2.2.0
   Compiling icu_normalizer v2.2.0
   Compiling web_atoms v0.2.6
   Compiling toml_parser v1.1.3+spec-1.1.0
   Compiling parking_lot v0.12.5
   Compiling serde_with_macros v3.22.0
   Compiling windows-sys v0.61.2
   Compiling serde_spanned v1.1.1
   Compiling ctor-proc-macro v0.0.7
   Compiling shlex v2.0.1
   Compiling toml_writer v1.1.2+spec-1.1.0
   Compiling find-msvc-tools v0.1.10
   Compiling cc v1.4.2
   Compiling string_cache v0.9.0
   Compiling idna_adapter v1.2.2
   Compiling semver v1.0.28
   Compiling autocfg v1.5.1
   Compiling libc v0.2.189
   Compiling percent-encoding v2.3.2
   Compiling log v0.4.33
   Compiling dtoa v1.0.11
   Compiling form_urlencoded v1.2.2
   Compiling indexmap v1.9.3
   Compiling dtoa-short v0.3.5
   Compiling uuid v1.24.0
   Compiling idna v1.1.0
   Compiling tendril v0.5.1
   Compiling cssparser-macros v0.6.1
   Compiling derive_more-impl v2.1.1
   Compiling selectors v0.36.1
   Compiling aho-corasick v1.1.5
   Compiling toml_datetime v1.1.1+spec-1.1.0
   Compiling byteorder v1.5.0
   Compiling unic-char-range v0.9.0
   Compiling regex-syntax v0.8.11
   Compiling unic-common v0.9.0
   Compiling alloc-no-stdlib v2.0.4
   Compiling camino v1.2.5
   Compiling derive_more v2.1.1
   Compiling alloc-stdlib v0.2.4
   Compiling unic-ucd-version v0.9.0
   Compiling unic-char-property v0.9.0
   Compiling toml v1.1.4+spec-1.1.0
   Compiling cssparser v0.36.0
   Compiling regex-automata v0.4.18
   Compiling markup5ever v0.38.0
   Compiling url v2.5.8
   Compiling winapi-util v0.1.11
   Compiling serde_derive_internals v0.29.1
   Compiling servo_arc v0.4.3
   Compiling equivalent v1.0.2
   Compiling powerfmt v0.2.0
   Compiling bit-vec v0.8.0
   Compiling deranged v0.5.8
   Compiling schemars v0.8.22
   Compiling bitflags v2.13.1
   Compiling hashbrown v0.17.1
   Compiling hashbrown v0.12.3
   Compiling rustc-hash v2.1.3
   Compiling fnv v1.0.7
   Compiling cfb v0.7.3
   Compiling schemars_derive v0.8.22
   Compiling time v0.3.55
   Compiling indexmap v2.14.0
   Compiling bit-set v0.8.0
   Compiling regex v1.13.1
   Compiling same-file v1.0.6
   Compiling html5ever v0.38.0
   Compiling unic-ucd-ident v0.9.0
   Compiling brotli-decompressor v5.0.3
   Compiling jsonptr v0.6.3
   Compiling cargo-platform v0.1.9
   Compiling quick-xml v0.41.0
   Compiling base64 v0.22.1
   Compiling dyn-clone v1.0.20
   Compiling windows-link v0.1.3
   Compiling dunce v1.0.5
   Compiling bytes v1.12.1
   Compiling foldhash v0.2.0
   Compiling dom_query v0.27.0
   Compiling http v1.5.0
   Compiling plist v1.10.0
   Compiling json-patch v3.0.1
   Compiling cargo_metadata v0.19.2
   Compiling brotli v8.0.4
   Compiling urlpattern v0.3.0
   Compiling serde-untagged v0.1.9
   Compiling walkdir v2.5.0
   Compiling infer v0.19.0
   Compiling serde_with v3.22.0
   Compiling ctor v0.8.0
   Compiling glob v0.3.4
   Compiling vswhom-sys v0.1.3
   Compiling windows-targets v0.52.6
   Compiling windows-result v0.3.4
   Compiling tauri-utils v2.9.3
   Compiling windows-strings v0.4.2
   Compiling windows-interface v0.59.3
   Compiling windows-implement v0.60.2
   Compiling windows-core v0.61.2
   Compiling windows-sys v0.59.0
   Compiling vswhom v0.1.0
   Compiling rustc_version v0.4.1
   Compiling toml_datetime v0.7.5+spec-1.1.0
   Compiling winnow v0.7.15
   Compiling option-ext v0.2.0
   Compiling dirs-sys v0.5.0
   Compiling winreg v0.55.0
   Compiling toml v0.9.12+spec-1.1.0
   Compiling embed-resource v3.0.11
   Compiling windows-threading v0.1.0
   Compiling generic-array v0.14.7
   Compiling once_cell v1.21.4
   Compiling heck v0.5.0
   Compiling windows-future v0.2.1
   Compiling cargo_toml v0.22.3
   Compiling tauri-winres v0.3.6
   Compiling dirs v6.0.0
   Compiling windows-numerics v0.2.0
   Compiling windows-collections v0.2.0
   Compiling time-macros v0.2.32
   Compiling crc32fast v1.5.0
   Compiling typenum v1.20.1
   Compiling raw-window-handle v0.6.2
   Compiling simd-adler32 v0.3.10
   Compiling tauri-build v2.6.3
   Compiling windows v0.61.3
   Compiling webview2-com-sys v0.38.2
   Compiling adler2 v2.0.1
   Compiling crossbeam-utils v0.8.22
   Compiling miniz_oxide v0.8.9
   Compiling dpi v0.1.2
   Compiling cookie v0.18.2
   Compiling tauri v2.11.5
   Compiling flate2 v1.1.9
   Compiling crypto-common v0.1.7
   Compiling block-buffer v0.10.4
   Compiling fdeflate v0.3.7
   Compiling tauri-plugin v2.6.3
   Compiling windows-version v0.1.7
   Compiling webview2-com-macros v0.8.1
   Compiling pin-project-lite v0.2.17
   Compiling bitflags v1.3.2
   Compiling unicode-segmentation v1.13.3
   Compiling png v0.17.16
   Compiling digest v0.10.7
   Compiling crossbeam-channel v0.5.16
   Compiling tauri-runtime v2.11.3
   Compiling wry v0.55.1
   Compiling windows_x86_64_msvc v0.53.1
   Compiling zerocopy v0.8.56
   Compiling cpufeatures v0.2.17
   Compiling tracing-core v0.1.36
   Compiling sha2 v0.10.9
   Compiling tracing v0.1.44
   Compiling ico v0.5.0
   Compiling tauri-plugin-fs v2.5.1
   Compiling ahash v0.8.12
   Compiling tauri-runtime-wry v2.11.4
   Compiling getrandom v0.3.4
   Compiling tauri-codegen v2.6.3
   Compiling softbuffer v0.4.8
   Compiling keyboard-types v0.7.0
   Compiling tao v0.35.3
   Compiling webview2-com v0.38.2
   Compiling serialize-to-javascript-impl v0.1.2
   Compiling vcpkg v0.2.15
   Compiling pkg-config v0.3.33
   Compiling serialize-to-javascript v0.1.2
   Compiling libsqlite3-sys v0.30.1
   Compiling muda v0.19.3
   Compiling tauri-macros v2.6.3
   Compiling windows-targets v0.53.5
   Compiling window-vibrancy v0.6.0
   Compiling tokio v1.53.1
   Compiling tauri-plugin-dialog v2.7.2
   Compiling serde_repr v0.1.21
   Compiling rfd v0.16.0
   Compiling mime v0.3.17
   Compiling windows-sys v0.60.2
   Compiling hashbrown v0.14.5
   Compiling hashlink v0.9.1
   Compiling disk-visualizer v0.1.0 (D:\a\Disk_Visualizer\Disk_Visualizer\src-tauri)
   Compiling fallible-iterator v0.3.0
   Compiling fallible-streaming-iterator v0.1.9
   Compiling rusqlite v0.32.1
error[E0658]: use of unstable library feature `windows_by_handle`
  --> src\file_metrics.rs:40:10
   |
40 |         .volume_serial_number()
   |          ^^^^^^^^^^^^^^^^^^^^
   |
   = note: see issue #63010 <https://github.com/rust-lang/rust/issues/63010> for more information

error[E0658]: use of unstable library feature `windows_by_handle`
  --> src\file_metrics.rs:41:23
   |
41 |         .zip(metadata.file_index())
   |                       ^^^^^^^^^^
   |
   = note: see issue #63010 <https://github.com/rust-lang/rust/issues/63010> for more information

For more information about this error, try `rustc --explain E0658`.
error: could not compile `disk-visualizer` (lib) due to 2 previous errors
failed to build app: failed to build app
       Error failed to build app: failed to build app
